max_provinces = 1967
definitions = "definition.csv"
provinces = "provinces.bmp"
positions = "positions.txt"
terrain = "terrain.bmp"
rivers = "rivers.bmp"
terrain_definition = "terrain.txt"
heightmap = "topology.bmp"
tree_definition = "trees.bmp"
continent = "continent.txt"
adjacencies = "adjacencies.csv"
climate = "climate.txt"
region = "island_region.txt"
geographical_region = "geographical_region.txt"
static = "statics"
seasons = "seasons.txt"

#Sea Zones
sea_zones = { 1293 1299 } #Moonpoint River - Springrove River (NAVIGABLE)
sea_zones = { 1030 1111 } #Bjoulsae River - Roscrean Sea - Azura's Coast (NAVIGABLE)
sea_zones = { 1147 1193 } #Southern Eltheric Ocean - Padomaic Ocean - Eastern Elven Sea (NAVIGABLE)
sea_zones = { 1352 1363 } #Zelbepal Sea - Haugr Sound (NAVIGABLE)
sea_zones = { 1132 1140 } #Lake Sithis - Iliac Bay (NAVIGABLE) 
sea_zones = { 1771 1773 } #Kalevar Bay - Habun Gulf (NAVIGABLE)
sea_zones = { 1239 1246 } #Kan So River - Meratsies River (NAVIGABLE)
sea_zones = { 1112 1112 } #Lake Fjalding
sea_zones = { 1113 1113 } #Lake Masobi
sea_zones = { 1114 1114 } #Lake Vorys
sea_zones = { 1115 1115 } #Lake Amaya
sea_zones = { 1117 1117 } #Lake Coronati
sea_zones = { 1118 1118 } #Lake Arrius
sea_zones = { 1119 1119 } #Lake Poppad
sea_zones = { 1120 1120 } #Lake Honrich
sea_zones = { 1121 1121 } #Lake Geir
sea_zones = { 1122 1122 } #Lake Yorgrim
sea_zones = { 1123 1123 } #Lake Illinalta
sea_zones = { 1124 1124 } #Lake Alessia
sea_zones = { 1125 1125 } #Blessed Water
sea_zones = { 1126 1126 } #Lake Belharza
sea_zones = { 1127 1127 } #Lake Hlaalu
sea_zones = { 1128 1128 } #Lake Canulus
sea_zones = { 1130 1130 } #Lake Murken
sea_zones = { 1131 1131 } #Lake Blackscale
sea_zones = { 1143 1143 } #Halcyon Lake
sea_zones = { 1144 1144 } #Viridian Lake
sea_zones = { 1141 1141 } #Azra Crater
sea_zones = { 1142 1142 } #Alik'r Oasis
sea_zones = { 1145 1145 } #Lake Anu
sea_zones = { 1146 1146 } #Lake Pado
sea_zones = { 1220 1220 } #Lake Kazidar
sea_zones = { 1221 1221 } #Lake Melturvan
sea_zones = { 1222 1222 } #Lake Shindul
sea_zones = { 1223 1223 } #Lake Silvan
sea_zones = { 1224 1224 } #Lake Jadorlig
sea_zones = { 1227 1227 } #Lake Thalooda
sea_zones = { 1228 1228 } #Lake Huasima
sea_zones = { 1229 1229 } #Lake Ampong
sea_zones = { 1230 1230 } #Lake Khonmon
sea_zones = { 1231 1231 } #Lake Gsmisal
sea_zones = { 1232 1232 } #Lake To Hua Lan
sea_zones = { 1233 1233 } #Lake Washao
sea_zones = { 1234 1234 } #Lake Yishao
sea_zones = { 1235 1235 } #Lake Hongpo
sea_zones = { 1236 1236 } #Lake Mitsuma
sea_zones = { 1237 1237 } #Lake Singmo
sea_zones = { 1238 1238 } #Lake Om Kong
sea_zones = { 1247 1247 } #Lake Voramak
sea_zones = { 1623 1623 } #Lake Vojostu
sea_zones = { 1629 1629 } #Lake Kofral
sea_zones = { 1726 1726 } #Lake Marble
sea_zones = { 1965 1965 } #Lake Red Coral
sea_zones = { 1966 1966 } #Lake Citakal

#Interconnected Sea Regions
ocean_region = {
	sea_zones = { 1 2 3 4 5 6 7 8 13 26 29 30 31 32 33 34 35 40 43 44 45 46 47 48 49 50 51 57 58 71 72 73 74 76 }
}

# Define which indices in trees.bmp palette which should count as trees for automatic terrain assignment
tree = { 3 4 7 10 }

major_rivers = {
	1030 1031 #Bjoulsae River
	1032 1033 1034 1035 #Brena River 
	1036 1037 1038 #Strid River 
	1047 1046 1045 #Topara River
	1039 1040 1041 1042 1043 1044 #Thir River
	1239 1240 #Kan So River
	1241 #Volwesi Lagoon
	1242 #Pameirra River
	1243 1244 1245 1246 #Meratsies River
	1132 1133 1134 1135 1136 1137 1138 1293 1294 1295 1296 1297 1298 1299 #Argonia
}

externals = {
	1
}
